{"event": "run_start", "run_id": "1f25be68-945c-495c-93a3-837102ff223d", "run_type": "replay", "timestamp": "2026-08-19T15:12:00.784885+00:00"}
{"event": "info", "message": "Replaying artifact: 56ae79bd-24e6-4cc5-97f3-cc87050c0c17", "timestamp": "2026-08-19T15:12:00.787820+00:00"}
{"event": "info", "message": "Goal: Find member {{member_name}} and return their account balance", "timestamp": "2026-08-19T15:12:00.788032+00:00"}
{"event": "info", "message": "Params: {'member_name': 'Jane'}", "timestamp": "2026-08-19T15:12:00.788236+00:00"}
{"event": "info", "message": "Steps: 6", "timestamp": "2026-08-19T15:12:00.788385+00:00"}
{"event": "step_start", "seq": 1, "action": "navigate", "description": "Initial navigation to base URL", "elapsed_s": 0.701, "timestamp": "2026-08-19T15:12:01.485903+00:00"}
{"event": "step_ok", "seq": 1, "action": "navigate", "details": {}, "elapsed_s": 0.732, "timestamp": "2026-08-19T15:12:01.516621+00:00"}
{"event": "step_start", "seq": 2, "action": "navigate", "description": "Navigate to member search page", "elapsed_s": 0.732, "timestamp": "2026-08-19T15:12:01.516977+00:00"}
{"event": "checkpoint_ok", "seq": 2, "checkpoint_type": "url_contains", "elapsed_s": 0.746, "timestamp": "2026-08-19T15:12:01.530562+00:00"}
{"event": "step_ok", "seq": 2, "action": "navigate", "details": {}, "elapsed_s": 0.746, "timestamp": "2026-08-19T15:12:01.530974+00:00"}
{"event": "step_start", "seq": 3, "action": "fill", "description": "Fill member name into search field [param:member_name]", "elapsed_s": 0.746, "timestamp": "2026-08-19T15:12:01.531170+00:00"}
{"event": "step_ok", "seq": 3, "action": "fill", "details": {}, "elapsed_s": 0.806, "timestamp": "2026-08-19T15:12:01.590676+00:00"}
{"event": "step_start", "seq": 4, "action": "click", "description": "Click Search button", "elapsed_s": 0.806, "timestamp": "2026-08-19T15:12:01.591025+00:00"}
{"event": "checkpoint_ok", "seq": 4, "checkpoint_type": "url_contains", "elapsed_s": 5.838, "timestamp": "2026-08-19T15:12:06.623024+00:00"}
{"event": "step_ok", "seq": 4, "action": "click", "details": {}, "elapsed_s": 5.839, "timestamp": "2026-08-19T15:12:06.623553+00:00"}
{"event": "step_start", "seq": 5, "action": "click", "description": "Click View Details for first search result", "elapsed_s": 5.839, "timestamp": "2026-08-19T15:12:06.623824+00:00"}
{"event": "info", "message": "Recoverable error on step 5 (attempt 1): No locator resolved for {'strategy': 'css', 'value': 'a.btn-primary', 'fallbacks': [{'strategy': 'text', 'value': 'View Details'}, {'strategy': 'aria-label', 'value': 'View details'}]}. Last error: Locator.wait_for: Timeout 5000ms exceeded.\nCall log:\n  - waiting for locator(\"[aria-label=\\\"View details\\\"]\").first\n", "timestamp": "2026-08-19T15:12:21.636037+00:00"}
{"event": "step_start", "seq": 5, "action": "click", "description": "Click View Details for first search result", "elapsed_s": 22.356, "timestamp": "2026-08-19T15:12:23.140847+00:00"}
{"event": "info", "message": "Recoverable error on step 5 (attempt 2): No locator resolved for {'strategy': 'css', 'value': 'a.btn-primary', 'fallbacks': [{'strategy': 'text', 'value': 'View Details'}, {'strategy': 'aria-label', 'value': 'View details'}]}. Last error: Locator.wait_for: Timeout 5000ms exceeded.\nCall log:\n  - waiting for locator(\"[aria-label=\\\"View details\\\"]\").first\n", "timestamp": "2026-08-19T15:12:38.156123+00:00"}
{"event": "step_start", "seq": 5, "action": "click", "description": "Click View Details for first search result", "elapsed_s": 38.875, "timestamp": "2026-08-19T15:12:39.659978+00:00"}
{"event": "info", "message": "Recoverable error on step 5 (attempt 3): No locator resolved for {'strategy': 'css', 'value': 'a.btn-primary', 'fallbacks': [{'strategy': 'text', 'value': 'View Details'}, {'strategy': 'aria-label', 'value': 'View details'}]}. Last error: Locator.wait_for: Timeout 5000ms exceeded.\nCall log:\n  - waiting for locator(\"[aria-label=\\\"View details\\\"]\").first\n", "timestamp": "2026-08-19T15:12:54.670519+00:00"}
{"event": "escalation", "step_seq": 5, "reason": "Exhausted 2 retries: No locator resolved for {'strategy': 'css', 'value': 'a.btn-primary', 'fallbacks': [{'strategy': 'text', 'value': 'View Details'}, {'strategy': 'aria-label', 'value': 'View details'}]}. Last error: Locator.wait_for: Timeout 5000ms exceeded.\nCall log:\n  - waiting for locator(\"[aria-label=\\\"View details\\\"]\").first\n", "screenshot": "evidence/escalation_step5_1f25be68_151254.png", "elapsed_s": 53.922, "timestamp": "2026-08-19T15:12:54.706705+00:00"}
{"event": "run_end", "status": "hard_failure", "result": {"status": "hard_failure", "outputs": {}, "business_outcome_signal": "", "error_step": 5, "error_detail": "Human intervention timed out: Intervention 8c1bf6bb-d514-4f84-adad-90f882a615cb timed out after 300s.", "screenshot_path": "evidence/escalation_step5_1f25be68_151254.png", "log_path": "evidence/replay_1f25be68_20260819T151200Z.log"}, "elapsed_s": 353.973, "timestamp": "2026-08-19T15:17:54.757980+00:00"}
