{"event": "run_start", "run_id": "c9e6ff9f-5701-439d-9c5b-0ef0c7f530fa", "run_type": "replay", "timestamp": "2026-08-19T20:57:37.825203+00:00"}
{"event": "info", "message": "Replaying artifact: 3bdd39fe-5940-4829-83a2-9f2e56516807", "timestamp": "2026-08-19T20:57:37.825764+00:00"}
{"event": "info", "message": "Goal: Find member {{member_name}} and return their account balance", "timestamp": "2026-08-19T20:57:37.826043+00:00"}
{"event": "info", "message": "Params: {'member_name': 'Jane'}", "timestamp": "2026-08-19T20:57:37.826509+00:00"}
{"event": "info", "message": "Steps: 6", "timestamp": "2026-08-19T20:57:37.826779+00:00"}
{"event": "step_start", "seq": 1, "action": "navigate", "description": "Initial navigation to base URL", "elapsed_s": 0.26, "timestamp": "2026-08-19T20:57:38.085118+00:00"}
{"event": "step_ok", "seq": 1, "action": "navigate", "details": {}, "elapsed_s": 0.269, "timestamp": "2026-08-19T20:57:38.094207+00:00"}
{"event": "step_start", "seq": 2, "action": "navigate", "description": "Navigate to member search page", "elapsed_s": 0.269, "timestamp": "2026-08-19T20:57:38.094553+00:00"}
{"event": "checkpoint_ok", "seq": 2, "checkpoint_type": "url_contains", "elapsed_s": 0.288, "timestamp": "2026-08-19T20:57:38.113019+00:00"}
{"event": "step_ok", "seq": 2, "action": "navigate", "details": {}, "elapsed_s": 0.288, "timestamp": "2026-08-19T20:57:38.113394+00:00"}
{"event": "step_start", "seq": 3, "action": "fill", "description": "Fill member name into search field [param:member_name]", "elapsed_s": 0.288, "timestamp": "2026-08-19T20:57:38.113590+00:00"}
{"event": "step_ok", "seq": 3, "action": "fill", "details": {}, "elapsed_s": 0.312, "timestamp": "2026-08-19T20:57:38.137513+00:00"}
{"event": "step_start", "seq": 4, "action": "click", "description": "Click Search button to submit the form", "elapsed_s": 0.313, "timestamp": "2026-08-19T20:57:38.137840+00:00"}
{"event": "checkpoint_ok", "seq": 4, "checkpoint_type": "url_contains", "elapsed_s": 0.471, "timestamp": "2026-08-19T20:57:38.296449+00:00"}
{"event": "step_ok", "seq": 4, "action": "click", "details": {}, "elapsed_s": 0.472, "timestamp": "2026-08-19T20:57:38.296964+00:00"}
{"event": "step_start", "seq": 5, "action": "click", "description": "Click View Details for the first search result", "elapsed_s": 0.472, "timestamp": "2026-08-19T20:57:38.297211+00:00"}
{"event": "info", "message": "Recoverable error on step 5 (attempt 1): No locator resolved for {'strategy': 'css', 'value': '.THIS_ELEMENT_DOES_NOT_EXIST_HITL_DEMO'}. Last error: Locator.wait_for: Timeout 5000ms exceeded.\nCall log:\n  - waiting for locator(\".THIS_ELEMENT_DOES_NOT_EXIST_HITL_DEMO\").first\n", "timestamp": "2026-08-19T20:57:43.302402+00:00"}
{"event": "step_start", "seq": 5, "action": "click", "description": "Click View Details for the first search result", "elapsed_s": 6.981, "timestamp": "2026-08-19T20:57:44.805741+00:00"}
{"event": "info", "message": "Recoverable error on step 5 (attempt 2): No locator resolved for {'strategy': 'css', 'value': '.THIS_ELEMENT_DOES_NOT_EXIST_HITL_DEMO'}. Last error: Locator.wait_for: Timeout 5000ms exceeded.\nCall log:\n  - waiting for locator(\".THIS_ELEMENT_DOES_NOT_EXIST_HITL_DEMO\").first\n", "timestamp": "2026-08-19T20:57:49.815026+00:00"}
{"event": "step_start", "seq": 5, "action": "click", "description": "Click View Details for the first search result", "elapsed_s": 13.494, "timestamp": "2026-08-19T20:57:51.318742+00:00"}
{"event": "info", "message": "Recoverable error on step 5 (attempt 3): No locator resolved for {'strategy': 'css', 'value': '.THIS_ELEMENT_DOES_NOT_EXIST_HITL_DEMO'}. Last error: Locator.wait_for: Timeout 5000ms exceeded.\nCall log:\n  - waiting for locator(\".THIS_ELEMENT_DOES_NOT_EXIST_HITL_DEMO\").first\n", "timestamp": "2026-08-19T20:57:56.327251+00:00"}
{"event": "escalation", "step_seq": 5, "reason": "Exhausted 2 retries: No locator resolved for {'strategy': 'css', 'value': '.THIS_ELEMENT_DOES_NOT_EXIST_HITL_DEMO'}. Last error: Locator.wait_for: Timeout 5000ms exceeded.\nCall log:\n  - waiting for locator(\".THIS_ELEMENT_DOES_NOT_EXIST_HITL_DEMO\").first\n", "screenshot": "evidence/escalation_step5_c9e6ff9f_205756.png", "elapsed_s": 18.534, "timestamp": "2026-08-19T20:57:56.358918+00:00"}
{"event": "human_resumed", "step_seq": 5, "notes": "Auto-resolved by demo script. Human navigated to /members/M001 directly.", "elapsed_s": 26.543, "timestamp": "2026-08-19T20:58:04.368102+00:00"}
{"event": "step_start", "seq": 5, "action": "click", "description": "Click View Details for the first search result", "elapsed_s": 26.545, "timestamp": "2026-08-19T20:58:04.369731+00:00"}
{"event": "run_end", "status": "hard_failure", "result": {"status": "hard_failure", "outputs": {}, "business_outcome_signal": "", "error_step": 5, "error_detail": "Failed after human intervention: No locator resolved for {'strategy': 'css', 'value': '.THIS_ELEMENT_DOES_NOT_EXIST_HITL_DEMO'}. Last error: Locator.wait_for: Timeout 5000ms exceeded.\nCall log:\n  - waiting for locator(\".THIS_ELEMENT_DOES_NOT_EXIST_HITL_DEMO\").first\n", "screenshot_path": "evidence/escalation_step5_c9e6ff9f_205756.png", "log_path": "evidence/replay_c9e6ff9f_20260819T205737Z.log"}, "elapsed_s": 31.573, "timestamp": "2026-08-19T20:58:09.398328+00:00"}
